12-01 15:05:36.174: D/dalvikvm(1916): GC_FOR_ALLOC freed 412K, 18% free 2608K/3176K, paused 59ms, total 62ms
12-01 15:05:36.624: D/dalvikvm(1916): GC_FOR_ALLOC freed 311K, 15% free 2808K/3276K, paused 41ms, total 43ms
12-01 15:05:37.164: D/dalvikvm(1916): GC_FOR_ALLOC freed 655K, 24% free 2663K/3476K, paused 42ms, total 45ms
12-01 15:05:37.644: D/dalvikvm(1916): GC_FOR_ALLOC freed 571K, 26% free 2604K/3476K, paused 41ms, total 43ms
12-01 15:05:38.104: D/dalvikvm(1916): GC_FOR_ALLOC freed 356K, 21% free 2759K/3476K, paused 43ms, total 44ms
12-01 15:05:38.654: D/dalvikvm(1916): GC_FOR_ALLOC freed 619K, 24% free 2651K/3476K, paused 44ms, total 46ms
12-01 15:05:39.134: D/dalvikvm(1916): GC_FOR_ALLOC freed 574K, 26% free 2589K/3476K, paused 41ms, total 43ms
12-01 15:05:39.595: D/dalvikvm(1916): GC_FOR_ALLOC freed 361K, 22% free 2739K/3476K, paused 41ms, total 44ms
12-01 15:05:40.114: D/dalvikvm(1916): GC_FOR_ALLOC freed 624K, 25% free 2627K/3476K, paused 48ms, total 50ms
12-01 15:05:40.673: D/dalvikvm(1916): GC_FOR_ALLOC freed 338K, 20% free 2800K/3476K, paused 41ms, total 43ms
12-01 15:05:41.204: D/dalvikvm(1916): GC_FOR_ALLOC freed 640K, 24% free 2671K/3476K, paused 42ms, total 44ms
12-01 15:05:41.664: D/dalvikvm(1916): GC_FOR_ALLOC freed 574K, 25% free 2608K/3476K, paused 44ms, total 46ms
12-01 15:05:42.134: D/dalvikvm(1916): GC_FOR_ALLOC freed 379K, 22% free 2741K/3476K, paused 47ms, total 49ms
12-01 15:05:42.624: D/dalvikvm(1916): GC_FOR_ALLOC freed 623K, 25% free 2629K/3476K, paused 42ms, total 47ms
12-01 15:05:43.044: D/dalvikvm(1916): GC_FOR_ALLOC freed 310K, 19% free 2830K/3476K, paused 41ms, total 43ms
12-01 15:05:43.534: D/dalvikvm(1916): GC_FOR_ALLOC freed 628K, 23% free 2714K/3500K, paused 45ms, total 50ms
12-01 15:05:43.996: D/dalvikvm(1916): GC_FOR_ALLOC freed 581K, 25% free 2644K/3500K, paused 45ms, total 47ms
12-01 15:05:44.514: D/dalvikvm(1916): GC_FOR_ALLOC freed 366K, 21% free 2789K/3500K, paused 42ms, total 44ms
12-01 15:05:45.004: D/dalvikvm(1916): GC_FOR_ALLOC freed 621K, 24% free 2680K/3500K, paused 43ms, total 47ms
12-01 15:05:45.444: D/dalvikvm(1916): GC_FOR_ALLOC freed 311K, 18% free 2881K/3500K, paused 44ms, total 46ms
12-01 15:05:45.904: D/dalvikvm(1916): GC_FOR_ALLOC freed 619K, 22% free 2770K/3548K, paused 46ms, total 48ms
12-01 15:05:46.394: D/dalvikvm(1916): GC_FOR_ALLOC freed 625K, 26% free 2657K/3548K, paused 45ms, total 47ms
12-01 15:05:46.814: D/dalvikvm(1916): GC_FOR_ALLOC freed 310K, 20% free 2858K/3548K, paused 44ms, total 47ms
12-01 15:05:47.284: D/dalvikvm(1916): GC_FOR_ALLOC freed 629K, 23% free 2741K/3548K, paused 44ms, total 48ms
12-01 15:05:47.753: D/dalvikvm(1916): GC_FOR_ALLOC freed 573K, 25% free 2679K/3548K, paused 43ms, total 45ms
12-01 15:05:48.214: D/dalvikvm(1916): GC_FOR_ALLOC freed 365K, 21% free 2826K/3548K, paused 42ms, total 45ms
12-01 15:05:48.673: D/dalvikvm(1916): GC_FOR_ALLOC freed 620K, 24% free 2717K/3548K, paused 43ms, total 45ms
12-01 15:05:49.124: D/dalvikvm(1916): GC_FOR_ALLOC freed 313K, 18% free 2915K/3548K, paused 43ms, total 45ms
12-01 15:05:49.595: D/dalvikvm(1916): GC_FOR_ALLOC freed 626K, 22% free 2797K/3584K, paused 46ms, total 48ms
12-01 15:05:50.074: D/dalvikvm(1916): GC_FOR_ALLOC freed 624K, 26% free 2685K/3584K, paused 45ms, total 50ms
12-01 15:05:50.524: D/dalvikvm(1916): GC_FOR_ALLOC freed 312K, 20% free 2885K/3584K, paused 44ms, total 46ms
12-01 15:05:50.984: D/dalvikvm(1916): GC_FOR_ALLOC freed 625K, 23% free 2772K/3584K, paused 44ms, total 49ms
12-01 15:05:51.464: D/dalvikvm(1916): GC_FOR_ALLOC freed 360K, 19% free 2923K/3584K, paused 44ms, total 46ms
12-01 15:05:52.004: D/dalvikvm(1916): GC_FOR_ALLOC freed 690K, 24% free 2741K/3592K, paused 48ms, total 53ms
12-01 15:05:52.494: D/dalvikvm(1916): GC_FOR_ALLOC freed 335K, 19% free 2917K/3592K, paused 46ms, total 50ms
12-01 15:05:53.084: D/dalvikvm(1916): GC_FOR_ALLOC freed 673K, 24% free 2756K/3592K, paused 47ms, total 48ms
12-01 15:05:53.564: D/dalvikvm(1916): GC_FOR_ALLOC freed 340K, 19% free 2927K/3592K, paused 45ms, total 49ms
12-01 15:05:54.034: D/dalvikvm(1916): GC_FOR_ALLOC freed 641K, 23% free 2793K/3596K, paused 48ms, total 51ms
12-01 15:05:54.474: D/dalvikvm(1916): GC_FOR_ALLOC freed 309K, 17% free 2995K/3596K, paused 47ms, total 49ms
12-01 15:05:54.925: D/dalvikvm(1916): GC_FOR_ALLOC freed 621K, 22% free 2880K/3664K, paused 48ms, total 50ms
12-01 15:05:55.424: D/dalvikvm(1916): GC_FOR_ALLOC freed 630K, 25% free 2761K/3664K, paused 45ms, total 49ms
12-01 15:05:55.864: D/dalvikvm(1916): GC_FOR_ALLOC freed 318K, 20% free 2955K/3664K, paused 45ms, total 46ms
12-01 15:05:56.334: D/dalvikvm(1916): GC_FOR_ALLOC freed 621K, 23% free 2846K/3664K, paused 46ms, total 52ms
12-01 15:05:56.803: D/dalvikvm(1916): GC_FOR_ALLOC freed 573K, 24% free 2785K/3664K, paused 47ms, total 49ms
12-01 15:05:57.264: D/dalvikvm(1916): GC_FOR_ALLOC freed 363K, 20% free 2933K/3664K, paused 55ms, total 56ms
12-01 15:05:57.703: E/dalvikvm(1916): Unable to resolve Lcom/example/matrixcalculator/test/TestCases; annotation class 557
12-01 15:05:57.713: E/dalvikvm(1916): Unable to resolve Lcom/example/matrixcalculator/test/TestCases; annotation class 557
12-01 15:05:57.723: E/dalvikvm(1916): Unable to resolve Lcom/example/matrixcalculator/test/TestCases; annotation class 557
12-01 15:05:57.744: E/dalvikvm(1916): Unable to resolve Lcom/example/matrixcalculator/test/TestCases; annotation class 557
12-01 15:05:57.744: E/dalvikvm(1916): Unable to resolve Lcom/example/matrixcalculator/test/TestCases; annotation class 557
12-01 15:05:57.763: E/dalvikvm(1916): Unable to resolve Lcom/example/matrixcalculator/test/TestCases; annotation class 557
12-01 15:05:57.763: E/dalvikvm(1916): Unable to resolve Lcom/example/matrixcalculator/test/TestCases; annotation class 557
12-01 15:05:57.783: E/dalvikvm(1916): Unable to resolve Lcom/example/matrixcalculator/test/TestCases; annotation class 557
12-01 15:05:57.795: E/dalvikvm(1916): Unable to resolve Lcom/example/matrixcalculator/test/TestCases; annotation class 557
12-01 15:05:57.813: I/TestRunner(1916): started: testADTC01(com.example.matrixcalculator.test.TestCases)
12-01 15:05:57.874: E/dalvikvm(1916): Unable to resolve Lcom/example/matrixcalculator/test/TestCases; annotation class 557
12-01 15:05:57.884: I/TestRunner(1916): finished: testADTC01(com.example.matrixcalculator.test.TestCases)
12-01 15:05:57.884: I/TestRunner(1916): passed: testADTC01(com.example.matrixcalculator.test.TestCases)
12-01 15:05:57.943: I/TestRunner(1916): started: testADTC02(com.example.matrixcalculator.test.TestCases)
12-01 15:05:57.994: E/dalvikvm(1916): Unable to resolve Lcom/example/matrixcalculator/test/TestCases; annotation class 557
12-01 15:05:58.004: I/TestRunner(1916): finished: testADTC02(com.example.matrixcalculator.test.TestCases)
12-01 15:05:58.014: I/TestRunner(1916): passed: testADTC02(com.example.matrixcalculator.test.TestCases)
12-01 15:05:58.105: I/TestRunner(1916): started: testADTC03(com.example.matrixcalculator.test.TestCases)
12-01 15:05:58.144: E/dalvikvm(1916): Unable to resolve Lcom/example/matrixcalculator/test/TestCases; annotation class 557
12-01 15:05:58.155: I/TestRunner(1916): finished: testADTC03(com.example.matrixcalculator.test.TestCases)
12-01 15:05:58.155: I/TestRunner(1916): passed: testADTC03(com.example.matrixcalculator.test.TestCases)
12-01 15:05:58.234: I/TestRunner(1916): started: testADTC04(com.example.matrixcalculator.test.TestCases)
12-01 15:05:58.304: E/dalvikvm(1916): Unable to resolve Lcom/example/matrixcalculator/test/TestCases; annotation class 557
12-01 15:05:58.304: I/TestRunner(1916): finished: testADTC04(com.example.matrixcalculator.test.TestCases)
12-01 15:05:58.304: I/TestRunner(1916): passed: testADTC04(com.example.matrixcalculator.test.TestCases)
12-01 15:05:58.376: I/TestRunner(1916): started: testADTC05(com.example.matrixcalculator.test.TestCases)
12-01 15:05:58.454: E/dalvikvm(1916): Unable to resolve Lcom/example/matrixcalculator/test/TestCases; annotation class 557
12-01 15:05:58.454: I/TestRunner(1916): finished: testADTC05(com.example.matrixcalculator.test.TestCases)
12-01 15:05:58.464: I/TestRunner(1916): passed: testADTC05(com.example.matrixcalculator.test.TestCases)
12-01 15:05:58.544: I/TestRunner(1916): started: testFSMTC01(com.example.matrixcalculator.test.TestCases)
12-01 15:05:58.594: E/dalvikvm(1916): Unable to resolve Lcom/example/matrixcalculator/test/TestCases; annotation class 557
12-01 15:05:58.594: I/TestRunner(1916): finished: testFSMTC01(com.example.matrixcalculator.test.TestCases)
12-01 15:05:58.604: I/TestRunner(1916): passed: testFSMTC01(com.example.matrixcalculator.test.TestCases)
12-01 15:05:58.695: I/TestRunner(1916): started: testFSMTC02(com.example.matrixcalculator.test.TestCases)
12-01 15:05:58.743: E/dalvikvm(1916): Unable to resolve Lcom/example/matrixcalculator/test/TestCases; annotation class 557
12-01 15:05:58.743: I/TestRunner(1916): finished: testFSMTC02(com.example.matrixcalculator.test.TestCases)
12-01 15:05:58.753: I/TestRunner(1916): passed: testFSMTC02(com.example.matrixcalculator.test.TestCases)
12-01 15:05:58.834: I/TestRunner(1916): started: testSDTC01(com.example.matrixcalculator.test.TestCases)
12-01 15:05:58.904: E/dalvikvm(1916): Unable to resolve Lcom/example/matrixcalculator/test/TestCases; annotation class 557
12-01 15:05:58.904: I/TestRunner(1916): finished: testSDTC01(com.example.matrixcalculator.test.TestCases)
12-01 15:05:58.904: I/TestRunner(1916): passed: testSDTC01(com.example.matrixcalculator.test.TestCases)
12-01 15:05:58.973: I/TestRunner(1916): started: testSDTC02(com.example.matrixcalculator.test.TestCases)
12-01 15:05:59.034: E/dalvikvm(1916): Unable to resolve Lcom/example/matrixcalculator/test/TestCases; annotation class 557
12-01 15:05:59.034: I/TestRunner(1916): finished: testSDTC02(com.example.matrixcalculator.test.TestCases)
12-01 15:05:59.044: I/TestRunner(1916): passed: testSDTC02(com.example.matrixcalculator.test.TestCases)
12-01 15:06:03.184: D/dalvikvm(1941): GC_FOR_ALLOC freed 416K, 18% free 2604K/3176K, paused 60ms, total 63ms
12-01 15:06:03.644: D/dalvikvm(1941): GC_FOR_ALLOC freed 311K, 15% free 2804K/3272K, paused 42ms, total 44ms
12-01 15:06:04.184: D/dalvikvm(1941): GC_FOR_ALLOC freed 655K, 24% free 2659K/3472K, paused 43ms, total 46ms
12-01 15:06:04.673: D/dalvikvm(1941): GC_FOR_ALLOC freed 570K, 26% free 2600K/3472K, paused 41ms, total 45ms
12-01 15:06:05.154: D/dalvikvm(1941): GC_FOR_ALLOC freed 356K, 21% free 2755K/3472K, paused 41ms, total 43ms
12-01 15:06:05.705: D/dalvikvm(1941): GC_FOR_ALLOC freed 619K, 24% free 2647K/3472K, paused 42ms, total 46ms
12-01 15:06:06.194: D/dalvikvm(1941): GC_FOR_ALLOC freed 574K, 26% free 2585K/3472K, paused 41ms, total 44ms
12-01 15:06:06.653: D/dalvikvm(1941): GC_FOR_ALLOC freed 361K, 22% free 2735K/3472K, paused 42ms, total 44ms
12-01 15:06:07.114: D/dalvikvm(1941): GC_FOR_ALLOC freed 624K, 25% free 2622K/3472K, paused 41ms, total 43ms
12-01 15:06:07.683: D/dalvikvm(1941): GC_FOR_ALLOC freed 338K, 20% free 2795K/3472K, paused 43ms, total 45ms
12-01 15:06:08.224: D/dalvikvm(1941): GC_FOR_ALLOC freed 640K, 24% free 2667K/3472K, paused 44ms, total 45ms
12-01 15:06:08.683: D/dalvikvm(1941): GC_FOR_ALLOC freed 312K, 18% free 2866K/3472K, paused 44ms, total 47ms
12-01 15:06:09.164: D/dalvikvm(1941): GC_FOR_ALLOC freed 641K, 23% free 2738K/3536K, paused 43ms, total 45ms
12-01 15:06:09.663: D/dalvikvm(1941): GC_FOR_ALLOC freed 624K, 26% free 2626K/3536K, paused 44ms, total 46ms
12-01 15:06:10.094: D/dalvikvm(1941): GC_FOR_ALLOC freed 311K, 21% free 2827K/3536K, paused 44ms, total 47ms
12-01 15:06:10.594: D/dalvikvm(1941): GC_FOR_ALLOC freed 628K, 24% free 2710K/3536K, paused 44ms, total 46ms
12-01 15:06:11.064: D/dalvikvm(1941): GC_FOR_ALLOC freed 581K, 26% free 2640K/3536K, paused 42ms, total 48ms
12-01 15:06:11.584: D/dalvikvm(1941): GC_FOR_ALLOC freed 367K, 22% free 2785K/3536K, paused 43ms, total 46ms
12-01 15:06:12.054: D/dalvikvm(1941): GC_FOR_ALLOC freed 621K, 25% free 2676K/3536K, paused 44ms, total 46ms
12-01 15:06:12.484: D/dalvikvm(1941): GC_FOR_ALLOC freed 311K, 19% free 2877K/3536K, paused 44ms, total 46ms
12-01 15:06:12.914: D/dalvikvm(1941): GC_FOR_ALLOC freed 619K, 22% free 2766K/3544K, paused 44ms, total 46ms
12-01 15:06:13.394: D/dalvikvm(1941): GC_FOR_ALLOC freed 625K, 26% free 2646K/3544K, paused 42ms, total 47ms
12-01 15:06:13.824: D/dalvikvm(1941): GC_FOR_ALLOC freed 310K, 20% free 2847K/3544K, paused 43ms, total 45ms
12-01 15:06:14.294: D/dalvikvm(1941): GC_FOR_ALLOC freed 629K, 23% free 2730K/3544K, paused 44ms, total 47ms
12-01 15:06:14.753: D/dalvikvm(1941): GC_FOR_ALLOC freed 573K, 25% free 2668K/3544K, paused 43ms, total 44ms
12-01 15:06:15.214: D/dalvikvm(1941): GC_FOR_ALLOC freed 366K, 21% free 2814K/3544K, paused 42ms, total 43ms
12-01 15:06:15.683: D/dalvikvm(1941): GC_FOR_ALLOC freed 620K, 24% free 2706K/3544K, paused 45ms, total 46ms
12-01 15:06:16.124: D/dalvikvm(1941): GC_FOR_ALLOC freed 313K, 19% free 2904K/3544K, paused 45ms, total 47ms
12-01 15:06:16.574: D/dalvikvm(1941): GC_FOR_ALLOC freed 626K, 22% free 2786K/3572K, paused 44ms, total 46ms
12-01 15:06:17.054: D/dalvikvm(1941): GC_FOR_ALLOC freed 624K, 26% free 2669K/3572K, paused 43ms, total 49ms
12-01 15:06:17.505: D/dalvikvm(1941): GC_FOR_ALLOC freed 312K, 20% free 2869K/3572K, paused 44ms, total 46ms
12-01 15:06:17.974: D/dalvikvm(1941): GC_FOR_ALLOC freed 625K, 23% free 2755K/3572K, paused 44ms, total 48ms
12-01 15:06:18.474: D/dalvikvm(1941): GC_FOR_ALLOC freed 360K, 19% free 2906K/3572K, paused 50ms, total 53ms
12-01 15:06:19.034: D/dalvikvm(1941): GC_FOR_ALLOC freed 690K, 24% free 2725K/3576K, paused 45ms, total 54ms
12-01 15:06:19.524: D/dalvikvm(1941): GC_FOR_ALLOC freed 335K, 19% free 2902K/3576K, paused 50ms, total 55ms
12-01 15:06:20.135: D/dalvikvm(1941): GC_FOR_ALLOC freed 673K, 24% free 2740K/3576K, paused 45ms, total 49ms
12-01 15:06:20.614: D/dalvikvm(1941): GC_FOR_ALLOC freed 340K, 19% free 2911K/3576K, paused 46ms, total 48ms
12-01 15:06:21.104: D/dalvikvm(1941): GC_FOR_ALLOC freed 641K, 23% free 2778K/3580K, paused 46ms, total 48ms
12-01 15:06:21.554: D/dalvikvm(1941): GC_FOR_ALLOC freed 309K, 17% free 2981K/3580K, paused 45ms, total 47ms
12-01 15:06:21.994: D/dalvikvm(1941): GC_FOR_ALLOC freed 621K, 22% free 2864K/3648K, paused 48ms, total 50ms
12-01 15:06:22.494: D/dalvikvm(1941): GC_FOR_ALLOC freed 630K, 25% free 2743K/3648K, paused 46ms, total 49ms
12-01 15:06:22.936: D/dalvikvm(1941): GC_FOR_ALLOC freed 318K, 20% free 2936K/3648K, paused 46ms, total 48ms
12-01 15:06:23.404: D/dalvikvm(1941): GC_FOR_ALLOC freed 621K, 23% free 2827K/3648K, paused 47ms, total 52ms
12-01 15:06:23.874: D/dalvikvm(1941): GC_FOR_ALLOC freed 573K, 25% free 2765K/3648K, paused 45ms, total 50ms
12-01 15:06:24.334: D/dalvikvm(1941): GC_FOR_ALLOC freed 363K, 21% free 2914K/3648K, paused 45ms, total 47ms
12-01 15:06:24.834: E/dalvikvm(1941): Unable to resolve Lcom/example/matrixcalculator/test/TestCases; annotation class 557
12-01 15:06:24.845: E/dalvikvm(1941): Unable to resolve Lcom/example/matrixcalculator/test/TestCases; annotation class 557
12-01 15:06:24.864: E/dalvikvm(1941): Unable to resolve Lcom/example/matrixcalculator/test/TestCases; annotation class 557
12-01 15:06:24.874: E/dalvikvm(1941): Unable to resolve Lcom/example/matrixcalculator/test/TestCases; annotation class 557
12-01 15:06:24.884: E/dalvikvm(1941): Unable to resolve Lcom/example/matrixcalculator/test/TestCases; annotation class 557
12-01 15:06:24.896: E/dalvikvm(1941): Unable to resolve Lcom/example/matrixcalculator/test/TestCases; annotation class 557
12-01 15:06:24.904: E/dalvikvm(1941): Unable to resolve Lcom/example/matrixcalculator/test/TestCases; annotation class 557
12-01 15:06:24.924: E/dalvikvm(1941): Unable to resolve Lcom/example/matrixcalculator/test/TestCases; annotation class 557
12-01 15:06:24.934: E/dalvikvm(1941): Unable to resolve Lcom/example/matrixcalculator/test/TestCases; annotation class 557
12-01 15:06:24.954: I/TestRunner(1941): started: testADTC01(com.example.matrixcalculator.test.TestCases)
12-01 15:06:25.015: E/dalvikvm(1941): Unable to resolve Lcom/example/matrixcalculator/test/TestCases; annotation class 557
12-01 15:06:27.673: D/dalvikvm(1941): GC_FOR_ALLOC freed 529K, 21% free 2891K/3648K, paused 321ms, total 328ms
12-01 15:06:28.384: D/dalvikvm(1941): GC_FOR_ALLOC freed 2K, 21% free 2918K/3648K, paused 277ms, total 348ms
12-01 15:06:28.384: I/dalvikvm-heap(1941): Grow heap (frag case) to 3.095MB for 100240-byte allocation
12-01 15:06:28.693: D/dalvikvm(1941): GC_FOR_ALLOC freed <1K, 20% free 3015K/3748K, paused 305ms, total 305ms
12-01 15:06:28.854: D/dalvikvm(1941): GC_FOR_ALLOC freed <1K, 20% free 3015K/3748K, paused 145ms, total 148ms
12-01 15:06:28.874: I/dalvikvm-heap(1941): Grow heap (frag case) to 4.170MB for 1127536-byte allocation
12-01 15:06:28.944: D/dalvikvm(1941): GC_FOR_ALLOC freed <1K, 16% free 4116K/4852K, paused 67ms, total 67ms
12-01 15:06:29.164: D/dalvikvm(1941): GC_FOR_ALLOC freed 5K, 12% free 4310K/4852K, paused 44ms, total 48ms
12-01 15:06:29.914: I/Choreographer(1941): Skipped 43 frames!  The application may be doing too much work on its main thread.
12-01 15:06:29.944: D/gralloc_goldfish(1941): Emulator without GPU emulation detected.
12-01 15:06:30.825: I/Choreographer(1941): Skipped 63 frames!  The application may be doing too much work on its main thread.
12-01 15:06:38.894: D/dalvikvm(1941): GC_FOR_ALLOC freed 369K, 11% free 4547K/5072K, paused 56ms, total 63ms
12-01 15:06:44.673: I/Choreographer(1941): Skipped 219 frames!  The application may be doing too much work on its main thread.
12-01 15:06:45.643: I/Choreographer(1941): Skipped 32 frames!  The application may be doing too much work on its main thread.
12-01 15:06:46.594: I/Choreographer(1941): Skipped 30 frames!  The application may be doing too much work on its main thread.
12-01 15:06:48.024: D/dalvikvm(1941): GC_FOR_ALLOC freed 333K, 10% free 4895K/5384K, paused 78ms, total 83ms
12-01 15:06:50.364: I/dalvikvm(1941): Could not find method scala.collection.parallel.IterableSplitter.toString, referenced from method scala.collection.parallel.ParIterableLike$Accessor$class.toString
12-01 15:06:50.364: W/dalvikvm(1941): VFY: unable to resolve interface method 13473: Lscala/collection/parallel/IterableSplitter;.toString ()Ljava/lang/String;
12-01 15:06:50.364: D/dalvikvm(1941): VFY: replacing opcode 0x72 at 0x001b
12-01 15:06:50.424: I/System.out(1941): 3
12-01 15:06:51.944: I/Choreographer(1941): Skipped 52 frames!  The application may be doing too much work on its main thread.
12-01 15:06:54.444: I/Choreographer(1941): Skipped 39 frames!  The application may be doing too much work on its main thread.
12-01 15:06:55.594: I/Choreographer(1941): Skipped 62 frames!  The application may be doing too much work on its main thread.
12-01 15:06:55.964: I/TestRunner(1941): finished: testADTC01(com.example.matrixcalculator.test.TestCases)
12-01 15:06:55.974: I/TestRunner(1941): passed: testADTC01(com.example.matrixcalculator.test.TestCases)
12-01 15:06:56.034: I/TestRunner(1941): started: testADTC02(com.example.matrixcalculator.test.TestCases)
12-01 15:06:56.104: E/dalvikvm(1941): Unable to resolve Lcom/example/matrixcalculator/test/TestCases; annotation class 557
12-01 15:06:56.314: I/Choreographer(1941): Skipped 72 frames!  The application may be doing too much work on its main thread.
12-01 15:06:59.854: D/dalvikvm(1941): GC_FOR_ALLOC freed 520K, 12% free 5171K/5848K, paused 345ms, total 350ms
12-01 15:07:00.733: I/Choreographer(1941): Skipped 75 frames!  The application may be doing too much work on its main thread.
12-01 15:07:02.164: I/Choreographer(1941): Skipped 117 frames!  The application may be doing too much work on its main thread.
12-01 15:07:10.714: I/TestRunner(1941): finished: testADTC02(com.example.matrixcalculator.test.TestCases)
12-01 15:07:10.714: I/TestRunner(1941): passed: testADTC02(com.example.matrixcalculator.test.TestCases)
12-01 15:07:10.765: I/TestRunner(1941): started: testADTC03(com.example.matrixcalculator.test.TestCases)
12-01 15:07:10.816: E/dalvikvm(1941): Unable to resolve Lcom/example/matrixcalculator/test/TestCases; annotation class 557
12-01 15:07:14.234: I/Choreographer(1941): Skipped 57 frames!  The application may be doing too much work on its main thread.
12-01 15:07:14.904: I/Choreographer(1941): Skipped 57 frames!  The application may be doing too much work on its main thread.
12-01 15:07:15.924: I/Choreographer(1941): Skipped 32 frames!  The application may be doing too much work on its main thread.
12-01 15:07:25.264: I/TestRunner(1941): finished: testADTC03(com.example.matrixcalculator.test.TestCases)
12-01 15:07:25.264: I/TestRunner(1941): passed: testADTC03(com.example.matrixcalculator.test.TestCases)
12-01 15:07:25.324: I/TestRunner(1941): started: testADTC04(com.example.matrixcalculator.test.TestCases)
12-01 15:07:25.374: E/dalvikvm(1941): Unable to resolve Lcom/example/matrixcalculator/test/TestCases; annotation class 557
12-01 15:07:29.315: I/Choreographer(1941): Skipped 94 frames!  The application may be doing too much work on its main thread.
12-01 15:07:37.214: D/dalvikvm(1941): GC_FOR_ALLOC freed 533K, 12% free 5530K/6220K, paused 82ms, total 99ms
12-01 15:07:41.653: I/Choreographer(1941): Skipped 126 frames!  The application may be doing too much work on its main thread.
12-01 15:07:43.244: I/Choreographer(1941): Skipped 98 frames!  The application may be doing too much work on its main thread.
12-01 15:07:50.454: I/TestRunner(1941): finished: testADTC04(com.example.matrixcalculator.test.TestCases)
12-01 15:07:50.464: I/TestRunner(1941): passed: testADTC04(com.example.matrixcalculator.test.TestCases)
12-01 15:07:50.524: I/TestRunner(1941): started: testADTC05(com.example.matrixcalculator.test.TestCases)
12-01 15:07:50.593: E/dalvikvm(1941): Unable to resolve Lcom/example/matrixcalculator/test/TestCases; annotation class 557
12-01 15:07:53.854: D/dalvikvm(1941): GC_FOR_ALLOC freed 1051K, 19% free 5489K/6696K, paused 585ms, total 624ms
12-01 15:07:54.673: I/Choreographer(1941): Skipped 47 frames!  The application may be doing too much work on its main thread.
12-01 15:08:06.134: I/Choreographer(1941): Skipped 127 frames!  The application may be doing too much work on its main thread.
12-01 15:08:07.623: I/Choreographer(1941): Skipped 93 frames!  The application may be doing too much work on its main thread.
12-01 15:08:11.163: D/dalvikvm(1941): GC_FOR_ALLOC freed 593K, 12% free 5892K/6696K, paused 93ms, total 113ms
12-01 15:08:13.514: I/TestRunner(1941): finished: testADTC05(com.example.matrixcalculator.test.TestCases)
12-01 15:08:13.524: I/TestRunner(1941): passed: testADTC05(com.example.matrixcalculator.test.TestCases)
12-01 15:08:13.573: I/TestRunner(1941): started: testFSMTC01(com.example.matrixcalculator.test.TestCases)
12-01 15:08:13.603: E/dalvikvm(1941): Unable to resolve Lcom/example/matrixcalculator/test/TestCases; annotation class 557
12-01 15:08:13.954: I/Choreographer(1941): Skipped 30 frames!  The application may be doing too much work on its main thread.
12-01 15:08:16.914: I/Choreographer(1941): Skipped 65 frames!  The application may be doing too much work on its main thread.
12-01 15:08:28.714: I/Choreographer(1941): Skipped 125 frames!  The application may be doing too much work on its main thread.
12-01 15:08:30.404: I/Choreographer(1941): Skipped 111 frames!  The application may be doing too much work on its main thread.
12-01 15:08:32.514: D/dalvikvm(1941): GC_FOR_ALLOC freed 1030K, 17% free 5993K/7180K, paused 146ms, total 180ms
12-01 15:08:32.694: I/Choreographer(1941): Skipped 44 frames!  The application may be doing too much work on its main thread.
12-01 15:08:34.613: I/dalvikvm(1941): Jit: resizing JitTable from 4096 to 8192
12-01 15:08:34.825: I/System.out(1941): 3
12-01 15:08:36.334: I/Choreographer(1941): Skipped 54 frames!  The application may be doing too much work on its main thread.
12-01 15:08:40.073: I/Choreographer(1941): Skipped 70 frames!  The application may be doing too much work on its main thread.
12-01 15:08:41.094: I/Choreographer(1941): Skipped 103 frames!  The application may be doing too much work on its main thread.
12-01 15:08:42.454: I/Choreographer(1941): Skipped 52 frames!  The application may be doing too much work on its main thread.
12-01 15:08:44.724: I/Choreographer(1941): Skipped 32 frames!  The application may be doing too much work on its main thread.
12-01 15:08:45.414: I/TestRunner(1941): finished: testFSMTC01(com.example.matrixcalculator.test.TestCases)
12-01 15:08:45.414: I/TestRunner(1941): passed: testFSMTC01(com.example.matrixcalculator.test.TestCases)
12-01 15:08:45.464: I/TestRunner(1941): started: testFSMTC02(com.example.matrixcalculator.test.TestCases)
12-01 15:08:45.494: E/dalvikvm(1941): Unable to resolve Lcom/example/matrixcalculator/test/TestCases; annotation class 557
12-01 15:08:47.884: D/dalvikvm(1941): GREF has increased to 201
12-01 15:08:48.454: I/Choreographer(1941): Skipped 59 frames!  The application may be doing too much work on its main thread.
12-01 15:08:58.764: D/dalvikvm(1941): GC_FOR_ALLOC freed 1323K, 21% free 5834K/7316K, paused 436ms, total 458ms
12-01 15:09:04.623: I/Choreographer(1941): Skipped 121 frames!  The application may be doing too much work on its main thread.
12-01 15:09:05.864: I/Choreographer(1941): Skipped 60 frames!  The application may be doing too much work on its main thread.
12-01 15:09:08.204: I/Choreographer(1941): Skipped 55 frames!  The application may be doing too much work on its main thread.
12-01 15:09:09.846: I/Choreographer(1941): Skipped 78 frames!  The application may be doing too much work on its main thread.
12-01 15:09:10.434: I/Choreographer(1941): Skipped 32 frames!  The application may be doing too much work on its main thread.
12-01 15:09:14.523: D/dalvikvm(1941): GC_FOR_ALLOC freed 978K, 19% free 5967K/7316K, paused 227ms, total 246ms
12-01 15:09:15.234: I/Choreographer(1941): Skipped 353 frames!  The application may be doing too much work on its main thread.
12-01 15:09:16.404: I/Choreographer(1941): Skipped 103 frames!  The application may be doing too much work on its main thread.
12-01 15:09:18.284: W/IInputConnectionWrapper(1941): finishComposingText on inactive InputConnection
12-01 15:09:18.474: I/Choreographer(1941): Skipped 33 frames!  The application may be doing too much work on its main thread.
12-01 15:09:22.694: I/Choreographer(1941): Skipped 69 frames!  The application may be doing too much work on its main thread.
12-01 15:09:23.005: I/TestRunner(1941): finished: testFSMTC02(com.example.matrixcalculator.test.TestCases)
12-01 15:09:23.005: I/TestRunner(1941): passed: testFSMTC02(com.example.matrixcalculator.test.TestCases)
12-01 15:09:23.044: I/TestRunner(1941): started: testSDTC01(com.example.matrixcalculator.test.TestCases)
12-01 15:09:23.114: E/dalvikvm(1941): Unable to resolve Lcom/example/matrixcalculator/test/TestCases; annotation class 557
12-01 15:09:26.054: I/Choreographer(1941): Skipped 178 frames!  The application may be doing too much work on its main thread.
12-01 15:09:26.593: I/Choreographer(1941): Skipped 51 frames!  The application may be doing too much work on its main thread.
12-01 15:09:37.954: D/dalvikvm(1941): GC_FOR_ALLOC freed 699K, 13% free 6425K/7316K, paused 221ms, total 249ms
12-01 15:09:40.324: I/Choreographer(1941): Skipped 151 frames!  The application may be doing too much work on its main thread.
12-01 15:09:41.523: I/Choreographer(1941): Skipped 34 frames!  The application may be doing too much work on its main thread.
12-01 15:09:42.134: I/Choreographer(1941): Skipped 34 frames!  The application may be doing too much work on its main thread.
12-01 15:09:44.754: I/System.out(1941): 3
12-01 15:09:45.934: I/Choreographer(1941): Skipped 49 frames!  The application may be doing too much work on its main thread.
12-01 15:09:49.463: I/TestRunner(1941): finished: testSDTC01(com.example.matrixcalculator.test.TestCases)
12-01 15:09:49.473: I/TestRunner(1941): passed: testSDTC01(com.example.matrixcalculator.test.TestCases)
12-01 15:09:49.535: I/TestRunner(1941): started: testSDTC02(com.example.matrixcalculator.test.TestCases)
12-01 15:09:49.583: E/dalvikvm(1941): Unable to resolve Lcom/example/matrixcalculator/test/TestCases; annotation class 557
12-01 15:09:52.644: I/Choreographer(1941): Skipped 100 frames!  The application may be doing too much work on its main thread.
12-01 15:10:05.493: D/dalvikvm(1941): GC_FOR_ALLOC freed 1657K, 23% free 6075K/7888K, paused 247ms, total 275ms
12-01 15:10:08.704: I/Choreographer(1941): Skipped 114 frames!  The application may be doing too much work on its main thread.
12-01 15:10:09.695: I/Choreographer(1941): Skipped 41 frames!  The application may be doing too much work on its main thread.
12-01 15:10:15.384: I/Choreographer(1941): Skipped 63 frames!  The application may be doing too much work on its main thread.
12-01 15:10:15.635: I/TestRunner(1941): finished: testSDTC02(com.example.matrixcalculator.test.TestCases)
12-01 15:10:15.635: I/TestRunner(1941): passed: testSDTC02(com.example.matrixcalculator.test.TestCases)
12-01 15:37:35.624: D/dalvikvm(2096): GC_FOR_ALLOC freed 423K, 19% free 2597K/3176K, paused 62ms, total 65ms
12-01 15:37:36.114: D/dalvikvm(2096): GC_FOR_ALLOC freed 311K, 15% free 2800K/3268K, paused 40ms, total 42ms
12-01 15:37:36.644: D/dalvikvm(2096): GC_FOR_ALLOC freed 655K, 24% free 2655K/3468K, paused 43ms, total 45ms
12-01 15:37:37.124: D/dalvikvm(2096): GC_FOR_ALLOC freed 571K, 26% free 2596K/3468K, paused 41ms, total 43ms
12-01 15:37:37.575: D/dalvikvm(2096): GC_FOR_ALLOC freed 356K, 21% free 2751K/3468K, paused 42ms, total 45ms
12-01 15:37:38.124: D/dalvikvm(2096): GC_FOR_ALLOC freed 619K, 24% free 2643K/3468K, paused 42ms, total 44ms
12-01 15:37:38.584: D/dalvikvm(2096): GC_FOR_ALLOC freed 574K, 26% free 2581K/3468K, paused 41ms, total 45ms
12-01 15:37:39.044: D/dalvikvm(2096): GC_FOR_ALLOC freed 361K, 22% free 2731K/3468K, paused 41ms, total 44ms
12-01 15:37:39.504: D/dalvikvm(2096): GC_FOR_ALLOC freed 624K, 25% free 2618K/3468K, paused 41ms, total 43ms
12-01 15:37:40.044: D/dalvikvm(2096): GC_FOR_ALLOC freed 338K, 20% free 2791K/3468K, paused 48ms, total 50ms
12-01 15:37:40.594: D/dalvikvm(2096): GC_FOR_ALLOC freed 640K, 24% free 2662K/3468K, paused 42ms, total 44ms
12-01 15:37:41.044: D/dalvikvm(2096): GC_FOR_ALLOC freed 312K, 18% free 2862K/3468K, paused 47ms, total 51ms
12-01 15:37:41.574: D/dalvikvm(2096): GC_FOR_ALLOC freed 641K, 23% free 2734K/3532K, paused 44ms, total 48ms
12-01 15:37:42.064: D/dalvikvm(2096): GC_FOR_ALLOC freed 623K, 26% free 2618K/3532K, paused 49ms, total 51ms
12-01 15:37:42.494: D/dalvikvm(2096): GC_FOR_ALLOC freed 310K, 21% free 2819K/3532K, paused 42ms, total 45ms
12-01 15:37:42.984: D/dalvikvm(2096): GC_FOR_ALLOC freed 628K, 24% free 2703K/3532K, paused 43ms, total 45ms
12-01 15:37:43.454: D/dalvikvm(2096): GC_FOR_ALLOC freed 581K, 26% free 2633K/3532K, paused 42ms, total 44ms
12-01 15:37:43.944: D/dalvikvm(2096): GC_FOR_ALLOC freed 367K, 22% free 2778K/3532K, paused 44ms, total 45ms
12-01 15:37:44.414: D/dalvikvm(2096): GC_FOR_ALLOC freed 621K, 25% free 2669K/3532K, paused 43ms, total 46ms
12-01 15:37:44.843: D/dalvikvm(2096): GC_FOR_ALLOC freed 311K, 19% free 2869K/3532K, paused 44ms, total 46ms
12-01 15:37:45.274: D/dalvikvm(2096): GC_FOR_ALLOC freed 619K, 22% free 2761K/3540K, paused 45ms, total 47ms
12-01 15:37:45.754: D/dalvikvm(2096): GC_FOR_ALLOC freed 625K, 26% free 2646K/3540K, paused 43ms, total 45ms
12-01 15:37:46.194: D/dalvikvm(2096): GC_FOR_ALLOC freed 310K, 20% free 2847K/3540K, paused 44ms, total 45ms
12-01 15:37:46.694: D/dalvikvm(2096): GC_FOR_ALLOC freed 629K, 23% free 2730K/3540K, paused 45ms, total 50ms
12-01 15:37:47.154: D/dalvikvm(2096): GC_FOR_ALLOC freed 573K, 25% free 2668K/3540K, paused 44ms, total 47ms
12-01 15:37:47.604: D/dalvikvm(2096): GC_FOR_ALLOC freed 365K, 21% free 2814K/3540K, paused 42ms, total 45ms
12-01 15:37:48.065: D/dalvikvm(2096): GC_FOR_ALLOC freed 620K, 24% free 2706K/3540K, paused 43ms, total 49ms
12-01 15:37:48.504: D/dalvikvm(2096): GC_FOR_ALLOC freed 313K, 18% free 2904K/3540K, paused 45ms, total 47ms
12-01 15:37:48.944: D/dalvikvm(2096): GC_FOR_ALLOC freed 626K, 22% free 2787K/3572K, paused 46ms, total 48ms
12-01 15:37:49.424: D/dalvikvm(2096): GC_FOR_ALLOC freed 623K, 26% free 2669K/3572K, paused 45ms, total 48ms
12-01 15:37:49.883: D/dalvikvm(2096): GC_FOR_ALLOC freed 312K, 20% free 2869K/3572K, paused 44ms, total 45ms
12-01 15:37:50.354: D/dalvikvm(2096): GC_FOR_ALLOC freed 625K, 23% free 2755K/3572K, paused 44ms, total 46ms
12-01 15:37:50.833: D/dalvikvm(2096): GC_FOR_ALLOC freed 360K, 19% free 2907K/3572K, paused 46ms, total 48ms
12-01 15:37:51.384: D/dalvikvm(2096): GC_FOR_ALLOC freed 690K, 24% free 2724K/3576K, paused 45ms, total 55ms
12-01 15:37:51.863: D/dalvikvm(2096): GC_FOR_ALLOC freed 335K, 19% free 2901K/3576K, paused 46ms, total 48ms
12-01 15:37:52.454: D/dalvikvm(2096): GC_FOR_ALLOC freed 673K, 24% free 2739K/3576K, paused 45ms, total 49ms
12-01 15:37:52.934: D/dalvikvm(2096): GC_FOR_ALLOC freed 340K, 19% free 2911K/3576K, paused 46ms, total 48ms
12-01 15:37:53.414: D/dalvikvm(2096): GC_FOR_ALLOC freed 641K, 23% free 2777K/3580K, paused 46ms, total 49ms
12-01 15:37:53.854: D/dalvikvm(2096): GC_FOR_ALLOC freed 309K, 17% free 2980K/3580K, paused 46ms, total 48ms
12-01 15:37:54.304: D/dalvikvm(2096): GC_FOR_ALLOC freed 621K, 22% free 2865K/3648K, paused 46ms, total 48ms
12-01 15:37:54.793: D/dalvikvm(2096): GC_FOR_ALLOC freed 630K, 25% free 2743K/3648K, paused 45ms, total 48ms
12-01 15:37:55.244: D/dalvikvm(2096): GC_FOR_ALLOC freed 318K, 20% free 2936K/3648K, paused 46ms, total 48ms
12-01 15:37:55.704: D/dalvikvm(2096): GC_FOR_ALLOC freed 620K, 23% free 2827K/3648K, paused 46ms, total 53ms
12-01 15:37:56.174: D/dalvikvm(2096): GC_FOR_ALLOC freed 573K, 25% free 2766K/3648K, paused 52ms, total 55ms
12-01 15:37:56.634: D/dalvikvm(2096): GC_FOR_ALLOC freed 363K, 21% free 2915K/3648K, paused 46ms, total 48ms
12-01 15:37:57.104: E/dalvikvm(2096): Unable to resolve Lcom/example/matrixcalculator/test/TestCases; annotation class 557
12-01 15:37:57.124: E/dalvikvm(2096): Unable to resolve Lcom/example/matrixcalculator/test/TestCases; annotation class 557
12-01 15:37:57.124: E/dalvikvm(2096): Unable to resolve Lcom/example/matrixcalculator/test/TestCases; annotation class 557
12-01 15:37:57.144: E/dalvikvm(2096): Unable to resolve Lcom/example/matrixcalculator/test/TestCases; annotation class 557
12-01 15:37:57.154: E/dalvikvm(2096): Unable to resolve Lcom/example/matrixcalculator/test/TestCases; annotation class 557
12-01 15:37:57.164: E/dalvikvm(2096): Unable to resolve Lcom/example/matrixcalculator/test/TestCases; annotation class 557
12-01 15:37:57.184: E/dalvikvm(2096): Unable to resolve Lcom/example/matrixcalculator/test/TestCases; annotation class 557
12-01 15:37:57.204: E/dalvikvm(2096): Unable to resolve Lcom/example/matrixcalculator/test/TestCases; annotation class 557
12-01 15:37:57.204: E/dalvikvm(2096): Unable to resolve Lcom/example/matrixcalculator/test/TestCases; annotation class 557
12-01 15:37:57.235: I/TestRunner(2096): started: testADTC01(com.example.matrixcalculator.test.TestCases)
12-01 15:37:57.286: E/dalvikvm(2096): Unable to resolve Lcom/example/matrixcalculator/test/TestCases; annotation class 557
12-01 15:37:57.294: I/TestRunner(2096): finished: testADTC01(com.example.matrixcalculator.test.TestCases)
12-01 15:37:57.294: I/TestRunner(2096): passed: testADTC01(com.example.matrixcalculator.test.TestCases)
12-01 15:37:57.359: I/TestRunner(2096): started: testADTC02(com.example.matrixcalculator.test.TestCases)
12-01 15:37:57.404: E/dalvikvm(2096): Unable to resolve Lcom/example/matrixcalculator/test/TestCases; annotation class 557
12-01 15:37:57.404: I/TestRunner(2096): finished: testADTC02(com.example.matrixcalculator.test.TestCases)
12-01 15:37:57.414: I/TestRunner(2096): passed: testADTC02(com.example.matrixcalculator.test.TestCases)
12-01 15:37:57.494: I/TestRunner(2096): started: testADTC03(com.example.matrixcalculator.test.TestCases)
12-01 15:37:57.534: E/dalvikvm(2096): Unable to resolve Lcom/example/matrixcalculator/test/TestCases; annotation class 557
12-01 15:37:57.544: I/TestRunner(2096): finished: testADTC03(com.example.matrixcalculator.test.TestCases)
12-01 15:37:57.555: I/TestRunner(2096): passed: testADTC03(com.example.matrixcalculator.test.TestCases)
12-01 15:37:57.634: I/TestRunner(2096): started: testADTC04(com.example.matrixcalculator.test.TestCases)
12-01 15:37:57.704: E/dalvikvm(2096): Unable to resolve Lcom/example/matrixcalculator/test/TestCases; annotation class 557
12-01 15:37:57.704: I/TestRunner(2096): finished: testADTC04(com.example.matrixcalculator.test.TestCases)
12-01 15:37:57.714: I/TestRunner(2096): passed: testADTC04(com.example.matrixcalculator.test.TestCases)
12-01 15:37:57.787: I/TestRunner(2096): started: testADTC05(com.example.matrixcalculator.test.TestCases)
12-01 15:37:57.863: E/dalvikvm(2096): Unable to resolve Lcom/example/matrixcalculator/test/TestCases; annotation class 557
12-01 15:37:57.873: I/TestRunner(2096): finished: testADTC05(com.example.matrixcalculator.test.TestCases)
12-01 15:37:57.883: I/TestRunner(2096): passed: testADTC05(com.example.matrixcalculator.test.TestCases)
12-01 15:37:57.949: I/TestRunner(2096): started: testFSMTC01(com.example.matrixcalculator.test.TestCases)
12-01 15:37:58.016: E/dalvikvm(2096): Unable to resolve Lcom/example/matrixcalculator/test/TestCases; annotation class 557
12-01 15:37:58.024: I/TestRunner(2096): finished: testFSMTC01(com.example.matrixcalculator.test.TestCases)
12-01 15:37:58.034: I/TestRunner(2096): passed: testFSMTC01(com.example.matrixcalculator.test.TestCases)
12-01 15:37:58.124: I/TestRunner(2096): started: testFSMTC02(com.example.matrixcalculator.test.TestCases)
12-01 15:37:58.194: E/dalvikvm(2096): Unable to resolve Lcom/example/matrixcalculator/test/TestCases; annotation class 557
12-01 15:37:58.194: I/TestRunner(2096): finished: testFSMTC02(com.example.matrixcalculator.test.TestCases)
12-01 15:37:58.204: I/TestRunner(2096): passed: testFSMTC02(com.example.matrixcalculator.test.TestCases)
12-01 15:37:58.264: I/TestRunner(2096): started: testSDTC01(com.example.matrixcalculator.test.TestCases)
12-01 15:37:58.334: E/dalvikvm(2096): Unable to resolve Lcom/example/matrixcalculator/test/TestCases; annotation class 557
12-01 15:37:58.334: I/TestRunner(2096): finished: testSDTC01(com.example.matrixcalculator.test.TestCases)
12-01 15:37:58.343: I/TestRunner(2096): passed: testSDTC01(com.example.matrixcalculator.test.TestCases)
12-01 15:37:58.407: I/TestRunner(2096): started: testSDTC02(com.example.matrixcalculator.test.TestCases)
12-01 15:37:58.474: E/dalvikvm(2096): Unable to resolve Lcom/example/matrixcalculator/test/TestCases; annotation class 557
12-01 15:37:58.474: I/TestRunner(2096): finished: testSDTC02(com.example.matrixcalculator.test.TestCases)
12-01 15:37:58.474: I/TestRunner(2096): passed: testSDTC02(com.example.matrixcalculator.test.TestCases)
12-01 15:38:02.604: D/dalvikvm(2121): GC_FOR_ALLOC freed 426K, 19% free 2594K/3176K, paused 60ms, total 63ms
12-01 15:38:03.044: D/dalvikvm(2121): GC_FOR_ALLOC freed 311K, 15% free 2796K/3264K, paused 40ms, total 44ms
12-01 15:38:03.584: D/dalvikvm(2121): GC_FOR_ALLOC freed 655K, 24% free 2651K/3464K, paused 43ms, total 44ms
12-01 15:38:04.065: D/dalvikvm(2121): GC_FOR_ALLOC freed 570K, 26% free 2593K/3464K, paused 42ms, total 44ms
12-01 15:38:04.524: D/dalvikvm(2121): GC_FOR_ALLOC freed 356K, 21% free 2748K/3464K, paused 43ms, total 44ms
12-01 15:38:05.104: D/dalvikvm(2121): GC_FOR_ALLOC freed 619K, 24% free 2640K/3464K, paused 51ms, total 52ms
12-01 15:38:05.564: D/dalvikvm(2121): GC_FOR_ALLOC freed 574K, 26% free 2577K/3464K, paused 41ms, total 43ms
12-01 15:38:06.014: D/dalvikvm(2121): GC_FOR_ALLOC freed 361K, 22% free 2728K/3464K, paused 40ms, total 41ms
12-01 15:38:06.494: D/dalvikvm(2121): GC_FOR_ALLOC freed 624K, 25% free 2615K/3464K, paused 41ms, total 45ms
12-01 15:38:07.034: D/dalvikvm(2121): GC_FOR_ALLOC freed 338K, 20% free 2788K/3464K, paused 44ms, total 45ms
12-01 15:38:07.574: D/dalvikvm(2121): GC_FOR_ALLOC freed 640K, 24% free 2659K/3464K, paused 43ms, total 47ms
12-01 15:38:08.024: D/dalvikvm(2121): GC_FOR_ALLOC freed 312K, 18% free 2858K/3464K, paused 43ms, total 45ms
12-01 15:38:08.514: D/dalvikvm(2121): GC_FOR_ALLOC freed 641K, 23% free 2730K/3528K, paused 43ms, total 46ms
12-01 15:38:09.015: D/dalvikvm(2121): GC_FOR_ALLOC freed 623K, 26% free 2618K/3528K, paused 42ms, total 46ms
12-01 15:38:09.444: D/dalvikvm(2121): GC_FOR_ALLOC freed 310K, 21% free 2819K/3528K, paused 41ms, total 46ms
12-01 15:38:09.964: D/dalvikvm(2121): GC_FOR_ALLOC freed 628K, 24% free 2703K/3528K, paused 45ms, total 47ms
12-01 15:38:10.424: D/dalvikvm(2121): GC_FOR_ALLOC freed 581K, 26% free 2633K/3528K, paused 42ms, total 43ms
12-01 15:38:10.924: D/dalvikvm(2121): GC_FOR_ALLOC freed 367K, 22% free 2778K/3528K, paused 44ms, total 46ms
12-01 15:38:11.394: D/dalvikvm(2121): GC_FOR_ALLOC freed 621K, 25% free 2668K/3528K, paused 49ms, total 51ms
12-01 15:38:11.823: D/dalvikvm(2121): GC_FOR_ALLOC freed 311K, 19% free 2869K/3528K, paused 42ms, total 46ms
12-01 15:38:12.294: D/dalvikvm(2121): GC_FOR_ALLOC freed 619K, 22% free 2758K/3536K, paused 45ms, total 48ms
12-01 15:38:12.783: D/dalvikvm(2121): GC_FOR_ALLOC freed 625K, 26% free 2645K/3536K, paused 43ms, total 46ms
12-01 15:38:13.214: D/dalvikvm(2121): GC_FOR_ALLOC freed 310K, 20% free 2846K/3536K, paused 43ms, total 44ms
12-01 15:38:13.714: D/dalvikvm(2121): GC_FOR_ALLOC freed 628K, 23% free 2729K/3536K, paused 45ms, total 50ms
12-01 15:38:14.174: D/dalvikvm(2121): GC_FOR_ALLOC freed 573K, 25% free 2668K/3536K, paused 46ms, total 49ms
12-01 15:38:14.644: D/dalvikvm(2121): GC_FOR_ALLOC freed 365K, 21% free 2814K/3536K, paused 43ms, total 47ms
12-01 15:38:15.104: D/dalvikvm(2121): GC_FOR_ALLOC freed 620K, 24% free 2705K/3536K, paused 45ms, total 47ms
12-01 15:38:15.554: D/dalvikvm(2121): GC_FOR_ALLOC freed 313K, 18% free 2903K/3536K, paused 45ms, total 47ms
12-01 15:38:16.004: D/dalvikvm(2121): GC_FOR_ALLOC freed 626K, 22% free 2786K/3572K, paused 46ms, total 48ms
12-01 15:38:16.504: D/dalvikvm(2121): GC_FOR_ALLOC freed 624K, 26% free 2669K/3572K, paused 45ms, total 50ms
12-01 15:38:16.934: D/dalvikvm(2121): GC_FOR_ALLOC freed 312K, 20% free 2869K/3572K, paused 44ms, total 46ms
12-01 15:38:17.444: D/dalvikvm(2121): GC_FOR_ALLOC freed 625K, 23% free 2755K/3572K, paused 51ms, total 53ms
12-01 15:38:17.924: D/dalvikvm(2121): GC_FOR_ALLOC freed 360K, 19% free 2907K/3572K, paused 45ms, total 47ms
12-01 15:38:18.474: D/dalvikvm(2121): GC_FOR_ALLOC freed 690K, 24% free 2725K/3576K, paused 51ms, total 58ms
12-01 15:38:18.944: D/dalvikvm(2121): GC_FOR_ALLOC freed 335K, 19% free 2901K/3576K, paused 44ms, total 50ms
12-01 15:38:19.544: D/dalvikvm(2121): GC_FOR_ALLOC freed 673K, 24% free 2740K/3576K, paused 47ms, total 50ms
12-01 15:38:20.014: D/dalvikvm(2121): GC_FOR_ALLOC freed 340K, 19% free 2911K/3576K, paused 46ms, total 48ms
12-01 15:38:20.494: D/dalvikvm(2121): GC_FOR_ALLOC freed 641K, 23% free 2777K/3580K, paused 45ms, total 47ms
12-01 15:38:20.934: D/dalvikvm(2121): GC_FOR_ALLOC freed 309K, 17% free 2980K/3580K, paused 45ms, total 47ms
12-01 15:38:21.384: D/dalvikvm(2121): GC_FOR_ALLOC freed 621K, 22% free 2865K/3648K, paused 48ms, total 50ms
12-01 15:38:21.883: D/dalvikvm(2121): GC_FOR_ALLOC freed 630K, 25% free 2743K/3648K, paused 45ms, total 47ms
12-01 15:38:22.324: D/dalvikvm(2121): GC_FOR_ALLOC freed 318K, 20% free 2936K/3648K, paused 45ms, total 46ms
12-01 15:38:22.793: D/dalvikvm(2121): GC_FOR_ALLOC freed 621K, 23% free 2827K/3648K, paused 48ms, total 52ms
12-01 15:38:23.264: D/dalvikvm(2121): GC_FOR_ALLOC freed 573K, 25% free 2765K/3648K, paused 47ms, total 50ms
12-01 15:38:23.724: D/dalvikvm(2121): GC_FOR_ALLOC freed 363K, 21% free 2914K/3648K, paused 45ms, total 49ms
12-01 15:38:24.206: E/dalvikvm(2121): Unable to resolve Lcom/example/matrixcalculator/test/TestCases; annotation class 557
12-01 15:38:24.224: E/dalvikvm(2121): Unable to resolve Lcom/example/matrixcalculator/test/TestCases; annotation class 557
12-01 15:38:24.234: E/dalvikvm(2121): Unable to resolve Lcom/example/matrixcalculator/test/TestCases; annotation class 557
12-01 15:38:24.254: E/dalvikvm(2121): Unable to resolve Lcom/example/matrixcalculator/test/TestCases; annotation class 557
12-01 15:38:24.264: E/dalvikvm(2121): Unable to resolve Lcom/example/matrixcalculator/test/TestCases; annotation class 557
12-01 15:38:24.276: E/dalvikvm(2121): Unable to resolve Lcom/example/matrixcalculator/test/TestCases; annotation class 557
12-01 15:38:24.284: E/dalvikvm(2121): Unable to resolve Lcom/example/matrixcalculator/test/TestCases; annotation class 557
12-01 15:38:24.304: E/dalvikvm(2121): Unable to resolve Lcom/example/matrixcalculator/test/TestCases; annotation class 557
12-01 15:38:24.314: E/dalvikvm(2121): Unable to resolve Lcom/example/matrixcalculator/test/TestCases; annotation class 557
12-01 15:38:24.334: I/TestRunner(2121): started: testADTC01(com.example.matrixcalculator.test.TestCases)
12-01 15:38:24.365: E/dalvikvm(2121): Unable to resolve Lcom/example/matrixcalculator/test/TestCases; annotation class 557
12-01 15:38:27.014: D/dalvikvm(2121): GC_FOR_ALLOC freed 529K, 21% free 2890K/3648K, paused 279ms, total 333ms
12-01 15:38:27.674: D/dalvikvm(2121): GC_FOR_ALLOC freed 2K, 21% free 2917K/3648K, paused 309ms, total 362ms
12-01 15:38:27.674: I/dalvikvm-heap(2121): Grow heap (frag case) to 3.095MB for 100240-byte allocation
12-01 15:38:27.924: D/dalvikvm(2121): GC_FOR_ALLOC freed <1K, 20% free 3014K/3748K, paused 250ms, total 250ms
12-01 15:38:28.125: D/dalvikvm(2121): GC_FOR_ALLOC freed <1K, 20% free 3015K/3748K, paused 163ms, total 164ms
12-01 15:38:28.144: I/dalvikvm-heap(2121): Grow heap (frag case) to 4.170MB for 1127536-byte allocation
12-01 15:38:28.204: D/dalvikvm(2121): GC_FOR_ALLOC freed <1K, 16% free 4116K/4852K, paused 59ms, total 59ms
12-01 15:38:28.414: D/dalvikvm(2121): GC_FOR_ALLOC freed 3K, 13% free 4268K/4852K, paused 46ms, total 49ms
12-01 15:38:29.164: I/Choreographer(2121): Skipped 41 frames!  The application may be doing too much work on its main thread.
12-01 15:38:29.194: D/gralloc_goldfish(2121): Emulator without GPU emulation detected.
12-01 15:38:30.034: I/Choreographer(2121): Skipped 61 frames!  The application may be doing too much work on its main thread.
12-01 15:38:38.254: D/dalvikvm(2121): GC_FOR_ALLOC freed 336K, 10% free 4524K/5016K, paused 54ms, total 58ms
12-01 15:38:44.484: I/Choreographer(2121): Skipped 295 frames!  The application may be doing too much work on its main thread.
12-01 15:38:45.044: I/Choreographer(2121): Skipped 33 frames!  The application may be doing too much work on its main thread.
12-01 15:38:45.604: D/dalvikvm(2121): GC_FOR_ALLOC freed 314K, 9% free 4886K/5356K, paused 87ms, total 92ms
12-01 15:38:46.114: I/Choreographer(2121): Skipped 33 frames!  The application may be doing too much work on its main thread.
12-01 15:38:49.863: I/dalvikvm(2121): Could not find method scala.collection.parallel.IterableSplitter.toString, referenced from method scala.collection.parallel.ParIterableLike$Accessor$class.toString
12-01 15:38:49.863: W/dalvikvm(2121): VFY: unable to resolve interface method 13473: Lscala/collection/parallel/IterableSplitter;.toString ()Ljava/lang/String;
12-01 15:38:49.873: D/dalvikvm(2121): VFY: replacing opcode 0x72 at 0x001b
12-01 15:38:49.924: I/System.out(2121): 3
12-01 15:38:51.554: I/Choreographer(2121): Skipped 57 frames!  The application may be doing too much work on its main thread.
12-01 15:38:54.773: I/Choreographer(2121): Skipped 55 frames!  The application may be doing too much work on its main thread.
12-01 15:38:55.184: I/TestRunner(2121): finished: testADTC01(com.example.matrixcalculator.test.TestCases)
12-01 15:38:55.194: I/TestRunner(2121): passed: testADTC01(com.example.matrixcalculator.test.TestCases)
12-01 15:38:55.244: I/TestRunner(2121): started: testADTC02(com.example.matrixcalculator.test.TestCases)
12-01 15:38:55.304: E/dalvikvm(2121): Unable to resolve Lcom/example/matrixcalculator/test/TestCases; annotation class 557
12-01 15:38:55.574: D/dalvikvm(2121): GC_FOR_ALLOC freed 570K, 13% free 5110K/5836K, paused 167ms, total 181ms
12-01 15:38:59.244: I/Choreographer(2121): Skipped 102 frames!  The application may be doing too much work on its main thread.
12-01 15:39:00.194: I/Choreographer(2121): Skipped 37 frames!  The application may be doing too much work on its main thread.
12-01 15:39:09.434: I/TestRunner(2121): finished: testADTC02(com.example.matrixcalculator.test.TestCases)
12-01 15:39:09.444: I/TestRunner(2121): passed: testADTC02(com.example.matrixcalculator.test.TestCases)
12-01 15:39:09.504: I/TestRunner(2121): started: testADTC03(com.example.matrixcalculator.test.TestCases)
12-01 15:39:09.554: E/dalvikvm(2121): Unable to resolve Lcom/example/matrixcalculator/test/TestCases; annotation class 557
12-01 15:39:12.944: I/Choreographer(2121): Skipped 67 frames!  The application may be doing too much work on its main thread.
12-01 15:39:23.474: I/TestRunner(2121): finished: testADTC03(com.example.matrixcalculator.test.TestCases)
12-01 15:39:23.474: I/TestRunner(2121): passed: testADTC03(com.example.matrixcalculator.test.TestCases)
12-01 15:39:23.524: I/TestRunner(2121): started: testADTC04(com.example.matrixcalculator.test.TestCases)
12-01 15:39:23.594: E/dalvikvm(2121): Unable to resolve Lcom/example/matrixcalculator/test/TestCases; annotation class 557
12-01 15:39:27.475: D/dalvikvm(2121): GC_FOR_ALLOC freed 459K, 11% free 5521K/6136K, paused 79ms, total 105ms
12-01 15:39:27.773: I/Choreographer(2121): Skipped 57 frames!  The application may be doing too much work on its main thread.
12-01 15:39:39.733: I/Choreographer(2121): Skipped 148 frames!  The application may be doing too much work on its main thread.
12-01 15:39:40.713: I/Choreographer(2121): Skipped 40 frames!  The application may be doing too much work on its main thread.
12-01 15:39:43.864: I/Choreographer(2121): Skipped 38 frames!  The application may be doing too much work on its main thread.
12-01 15:39:47.994: I/Choreographer(2121): Skipped 33 frames!  The application may be doing too much work on its main thread.
12-01 15:39:48.804: I/TestRunner(2121): finished: testADTC04(com.example.matrixcalculator.test.TestCases)
12-01 15:39:48.823: I/TestRunner(2121): passed: testADTC04(com.example.matrixcalculator.test.TestCases)
12-01 15:39:48.855: I/TestRunner(2121): started: testADTC05(com.example.matrixcalculator.test.TestCases)
12-01 15:39:48.964: E/dalvikvm(2121): Unable to resolve Lcom/example/matrixcalculator/test/TestCases; annotation class 557
12-01 15:39:50.773: D/dalvikvm(2121): GC_FOR_ALLOC freed 1062K, 19% free 5466K/6684K, paused 454ms, total 487ms
12-01 15:39:53.344: I/Choreographer(2121): Skipped 99 frames!  The application may be doing too much work on its main thread.
12-01 15:40:04.954: I/Choreographer(2121): Skipped 125 frames!  The application may be doing too much work on its main thread.
12-01 15:40:06.024: I/Choreographer(2121): Skipped 41 frames!  The application may be doing too much work on its main thread.
12-01 15:40:10.054: D/dalvikvm(2121): GC_FOR_ALLOC freed 610K, 13% free 5832K/6684K, paused 103ms, total 127ms
12-01 15:40:12.014: I/Choreographer(2121): Skipped 56 frames!  The application may be doing too much work on its main thread.
12-01 15:40:12.414: I/TestRunner(2121): finished: testADTC05(com.example.matrixcalculator.test.TestCases)
12-01 15:40:12.414: I/TestRunner(2121): passed: testADTC05(com.example.matrixcalculator.test.TestCases)
12-01 15:40:12.464: I/TestRunner(2121): started: testFSMTC01(com.example.matrixcalculator.test.TestCases)
12-01 15:40:12.494: E/dalvikvm(2121): Unable to resolve Lcom/example/matrixcalculator/test/TestCases; annotation class 557
12-01 15:40:15.174: D/dalvikvm(2121): GREF has increased to 201
12-01 15:40:15.424: I/Choreographer(2121): Skipped 185 frames!  The application may be doing too much work on its main thread.
12-01 15:40:15.844: I/Choreographer(2121): Skipped 33 frames!  The application may be doing too much work on its main thread.
12-01 15:40:16.793: I/Choreographer(2121): Skipped 39 frames!  The application may be doing too much work on its main thread.
12-01 15:40:26.304: I/dalvikvm(2121): Jit: resizing JitTable from 4096 to 8192
12-01 15:40:29.174: I/Choreographer(2121): Skipped 250 frames!  The application may be doing too much work on its main thread.
12-01 15:40:30.753: D/dalvikvm(2121): GC_FOR_ALLOC freed 960K, 16% free 5984K/7100K, paused 102ms, total 125ms
12-01 15:40:30.914: I/Choreographer(2121): Skipped 65 frames!  The application may be doing too much work on its main thread.
12-01 15:40:34.084: I/System.out(2121): 3
12-01 15:40:35.194: I/Choreographer(2121): Skipped 38 frames!  The application may be doing too much work on its main thread.
12-01 15:40:42.354: I/Choreographer(2121): Skipped 31 frames!  The application may be doing too much work on its main thread.
12-01 15:40:42.964: I/TestRunner(2121): finished: testFSMTC01(com.example.matrixcalculator.test.TestCases)
12-01 15:40:42.964: I/TestRunner(2121): passed: testFSMTC01(com.example.matrixcalculator.test.TestCases)
12-01 15:40:43.024: I/TestRunner(2121): started: testFSMTC02(com.example.matrixcalculator.test.TestCases)
12-01 15:40:43.084: E/dalvikvm(2121): Unable to resolve Lcom/example/matrixcalculator/test/TestCases; annotation class 557
12-01 15:40:45.964: I/Choreographer(2121): Skipped 57 frames!  The application may be doing too much work on its main thread.
12-01 15:40:46.424: I/Choreographer(2121): Skipped 39 frames!  The application may be doing too much work on its main thread.
12-01 15:40:53.544: D/dalvikvm(2121): GC_FOR_ALLOC freed 1318K, 21% free 5828K/7304K, paused 136ms, total 161ms
12-01 15:41:02.424: I/Choreographer(2121): Skipped 128 frames!  The application may be doing too much work on its main thread.
12-01 15:41:03.414: I/Choreographer(2121): Skipped 42 frames!  The application may be doing too much work on its main thread.
12-01 15:41:06.504: I/Choreographer(2121): Skipped 33 frames!  The application may be doing too much work on its main thread.
12-01 15:41:19.464: I/TestRunner(2121): failed: testFSMTC02(com.example.matrixcalculator.test.TestCases)
12-01 15:41:19.464: I/TestRunner(2121): ----- begin exception -----
12-01 15:41:19.514: I/TestRunner(2121): junit.framework.ComparisonFailure: Matrix activity is launched expected:<....matrixcalculator.Ma[trix]> but was:<....matrixcalculator.Ma[in]>
12-01 15:41:19.514: I/TestRunner(2121):   at junit.framework.Assert.assertEquals(Assert.java:85)
12-01 15:41:19.514: I/TestRunner(2121):   at com.jayway.android.robotium.solo.Asserter.assertCurrentActivity(Asserter.java:59)
12-01 15:41:19.514: I/TestRunner(2121):   at com.jayway.android.robotium.solo.Solo.assertCurrentActivity(Solo.java:651)
12-01 15:41:19.514: I/TestRunner(2121):   at com.example.matrixcalculator.test.TestCases.testFSMTC02(MainTest.scala:181)
12-01 15:41:19.514: I/TestRunner(2121):   at java.lang.reflect.Method.invokeNative(Native Method)
12-01 15:41:19.514: I/TestRunner(2121):   at java.lang.reflect.Method.invoke(Method.java:525)
12-01 15:41:19.514: I/TestRunner(2121):   at android.test.InstrumentationTestCase.runMethod(InstrumentationTestCase.java:214)
12-01 15:41:19.514: I/TestRunner(2121):   at android.test.InstrumentationTestCase.runTest(InstrumentationTestCase.java:199)
12-01 15:41:19.514: I/TestRunner(2121):   at android.test.ActivityInstrumentationTestCase2.runTest(ActivityInstrumentationTestCase2.java:192)
12-01 15:41:19.514: I/TestRunner(2121):   at junit.framework.TestCase.runBare(TestCase.java:134)
12-01 15:41:19.514: I/TestRunner(2121):   at junit.framework.TestResult$1.protect(TestResult.java:115)
12-01 15:41:19.514: I/TestRunner(2121):   at junit.framework.TestResult.runProtected(TestResult.java:133)
12-01 15:41:19.514: I/TestRunner(2121):   at junit.framework.TestResult.run(TestResult.java:118)
12-01 15:41:19.514: I/TestRunner(2121):   at junit.framework.TestCase.run(TestCase.java:124)
12-01 15:41:19.514: I/TestRunner(2121):   at android.test.AndroidTestRunner.runTest(AndroidTestRunner.java:191)
12-01 15:41:19.514: I/TestRunner(2121):   at android.test.AndroidTestRunner.runTest(AndroidTestRunner.java:176)
12-01 15:41:19.514: I/TestRunner(2121):   at android.test.InstrumentationTestRunner.onStart(InstrumentationTestRunner.java:554)
12-01 15:41:19.514: I/TestRunner(2121):   at android.app.Instrumentation$InstrumentationThread.run(Instrumentation.java:1701)
12-01 15:41:19.514: I/TestRunner(2121): ----- end exception -----
12-01 15:41:19.754: I/TestRunner(2121): finished: testFSMTC02(com.example.matrixcalculator.test.TestCases)
12-01 15:41:19.834: I/TestRunner(2121): started: testSDTC01(com.example.matrixcalculator.test.TestCases)
12-01 15:41:19.904: E/dalvikvm(2121): Unable to resolve Lcom/example/matrixcalculator/test/TestCases; annotation class 557
12-01 15:41:22.314: D/dalvikvm(2121): GC_FOR_ALLOC freed 1084K, 20% free 5852K/7304K, paused 578ms, total 616ms
12-01 15:41:34.623: I/Choreographer(2121): Skipped 122 frames!  The application may be doing too much work on its main thread.
12-01 15:41:36.104: I/Choreographer(2121): Skipped 93 frames!  The application may be doing too much work on its main thread.
12-01 15:41:40.494: I/System.out(2121): 3
12-01 15:41:42.184: I/Choreographer(2121): Skipped 52 frames!  The application may be doing too much work on its main thread.
12-01 15:41:42.794: D/dalvikvm(2121): GC_FOR_ALLOC freed 759K, 15% free 6211K/7304K, paused 428ms, total 468ms
12-01 15:41:46.414: I/Choreographer(2121): Skipped 74 frames!  The application may be doing too much work on its main thread.
12-01 15:41:46.984: I/TestRunner(2121): finished: testSDTC01(com.example.matrixcalculator.test.TestCases)
12-01 15:41:46.995: I/TestRunner(2121): passed: testSDTC01(com.example.matrixcalculator.test.TestCases)
12-01 15:41:47.046: I/TestRunner(2121): started: testSDTC02(com.example.matrixcalculator.test.TestCases)
12-01 15:41:47.094: E/dalvikvm(2121): Unable to resolve Lcom/example/matrixcalculator/test/TestCases; annotation class 557
12-01 15:41:50.024: I/Choreographer(2121): Skipped 122 frames!  The application may be doing too much work on its main thread.
12-01 15:41:50.583: I/Choreographer(2121): Skipped 42 frames!  The application may be doing too much work on its main thread.
12-01 15:42:06.994: I/Choreographer(2121): Skipped 266 frames!  The application may be doing too much work on its main thread.
12-01 15:42:08.364: D/dalvikvm(2121): GC_FOR_ALLOC freed 1078K, 17% free 6370K/7604K, paused 150ms, total 169ms
12-01 15:42:08.554: I/Choreographer(2121): Skipped 61 frames!  The application may be doing too much work on its main thread.
12-01 15:42:09.234: I/Choreographer(2121): Skipped 33 frames!  The application may be doing too much work on its main thread.
12-01 15:42:13.764: I/Choreographer(2121): Skipped 53 frames!  The application may be doing too much work on its main thread.
12-01 15:42:14.054: I/TestRunner(2121): finished: testSDTC02(com.example.matrixcalculator.test.TestCases)
12-01 15:42:14.054: I/TestRunner(2121): passed: testSDTC02(com.example.matrixcalculator.test.TestCases)
